cargo : warning: unused manifest key: bin.0.hex
At line:1 char:15
+ $testResult = cargo test 2>&1
+               ~~~~~~~~~~~~~~~
    + CategoryInfo          : NotSpecified: (warning: unused manifest key: bin.0.hex:String) [], RemoteException
    + FullyQualifiedErrorId : NativeCommandError
 
   Compiling pyo3 v0.28.3
   Compiling sovereign_core v6.2.0 (C:\Sovereign_Alpha_Final\SovereignCore\rust_core)
warning: field `local_shard_id` is never read
 --> src\federation_router.rs:4:5
  |
3 | pub struct FederationRouter {
  |            ---------------- field in this struct
4 |     local_shard_id: String,
  |     ^^^^^^^^^^^^^^
  |
  = note: `#[warn(dead_code)]` (part of `#[warn(unused)]`) on by default

warning: constant `WAL_MAGIC` is never used
 --> src\pom\operational_wal.rs:7:7
  |
7 | const WAL_MAGIC: [u8; 4] = *b"SPOM";
  |       ^^^^^^^^^

warning: constant `WAL_VERSION` is never used
 --> src\pom\operational_wal.rs:8:7
  |
8 | const WAL_VERSION: u16 = 1;
  |       ^^^^^^^^^^^

warning: struct `WalSegmentHeader` is never constructed
  --> src\pom\operational_wal.rs:13:8
   |
13 | struct WalSegmentHeader {
   |        ^^^^^^^^^^^^^^^^

warning: field `last_snapshot_epoch` is never read
 --> src\pom\snapshot_engine.rs:8:5
  |
6 | pub struct SnapshotEngine {
  |            -------------- field in this struct
7 |     snapshot_dir: PathBuf,
8 |     last_snapshot_epoch: u64,
  |     ^^^^^^^^^^^^^^^^^^^

warning: field `bindings` is never read
 --> src\runtime\flow_runtime.rs:8:5
  |
7 | pub struct FlowRuntime {
  |            ----------- field in this struct
8 |     bindings: HardwareBindings,
  |     ^^^^^^^^

warning: fields `fingerprint`, `bindings`, and `policy` are never read
  --> src\runtime\telemetry_loop.rs:12:5
   |
11 | pub struct TelemetryLoop {
   |            ------------- fields in this struct
12 |     fingerprint: HardwareFingerprint,
   |     ^^^^^^^^^^^
13 |     bindings: HardwareBindings,
   |     ^^^^^^^^
14 |     policy: GovernancePolicy,
   |     ^^^^^^

warning: fields `qpu` and `router` are never read
  --> src\brick46\quantum_synapse.rs:17:5
   |
16 | pub struct QuantumSynapse {
   |            -------------- fields in this struct
17 |     qpu: QPUEngine,
   |     ^^^
18 |     router: TensorRouter,
   |     ^^^^^^

warning: function `now_ns` is never used
   --> src\brick46\quantum_synapse.rs:131:4
    |
131 | fn now_ns() -> u128 {
    |    ^^^^^^

warning: fields `node_id` and `node_count` are never read
  --> src\brick51\shared_memory_graph.rs:18:5
   |
16 | pub struct SharedMemoryGraph {
   |            ----------------- fields in this struct
17 |     store: HashMap<String, CausalEntry>,
18 |     node_id: usize,
   |     ^^^^^^^
19 |     node_count: usize,
   |     ^^^^^^^^^^
   |
   = note: `SharedMemoryGraph` has a derived impl for the trait `Clone`, but this is intentionally ignored during dead code analysis

warning: `sovereign_core` (lib test) generated 10 warnings
warning: `sovereign_core` (lib) generated 10 warnings (10 duplicates)
warning: unused import: `ChaosResult`
 --> tests\brick45_chaos_main.rs:1:38
  |
1 | use sovereign_core::brick45::chaos::{ChaosResult, ChaosRunner};
  |                                      ^^^^^^^^^^^
  |
  = note: `#[warn(unused_imports)]` (part of `#[warn(unused)]`) on by default

warning: unused import: `CognitiveModel`
 --> tests\brick46_nervous_system.rs:3:59
  |
3 | use sovereign_core::brick46::cognitive::{CognitiveConfig, CognitiveModel, CognitiveNode};
  |                                                           ^^^^^^^^^^^^^^
  |
  = note: `#[warn(unused_imports)]` (part of `#[warn(unused)]`) on by default

warning: unused import: `EvictionPolicy`
 --> tests\brick46_nervous_system.rs:6:48
  |
6 | use sovereign_core::brick46::quantum_synapse::{EvictionPolicy, QuantumSynapse};
  |                                                ^^^^^^^^^^^^^^

warning: unused import: `Duration`
 --> tests\brick49_certification.rs:8:17
  |
8 | use std::time::{Duration, Instant};
  |                 ^^^^^^^^
  |
  = note: `#[warn(unused_imports)]` (part of `#[warn(unused)]`) on by default

warning: unused variable: `proofs`
  --> tests\brick49_certification.rs:20:9
   |
20 |     let proofs = causality.async_resolve(&refs);
   |         ^^^^^^ help: if this is intentional, prefix it with an underscore: `_proofs`
   |
   = note: `#[warn(unused_variables)]` (part of `#[warn(unused)]`) on by default

warning: variable `success_count` is assigned to, but never used
  --> tests\brick49_certification.rs:62:9
   |
62 |     let mut success_count = 0;
   |         ^^^^^^^^^^^^^^^^^
   |
   = note: consider using `_success_count` instead

warning: value assigned to `success_count` is never read
  --> tests\brick49_certification.rs:65:13
   |
65 |             success_count += 1;
   |             ^^^^^^^^^^^^^^^^^^
   |
   = help: maybe it is overwritten before being read?
   = note: `#[warn(unused_assignments)]` (part of `#[warn(unused)]`) on by default

warning: `sovereign_core` (test "brick45_chaos_main") generated 1 warning (run `cargo fix --test "brick45_chaos_main" -p 
sovereign_core` to apply 1 suggestion)
warning: variable does not need to be mutable
  --> tests\brick48_certification.rs:95:9
   |
95 |     let mut human_interventions = 0u64;
   |         ----^^^^^^^^^^^^^^^^^^^
   |         |
   |         help: remove this `mut`
   |
   = note: `#[warn(unused_mut)]` (part of `#[warn(unused)]`) on by default

warning: `sovereign_core` (test "brick49_certification") generated 4 warnings (run `cargo fix --test "brick49_certification" -p 
sovereign_core` to apply 2 suggestions)
warning: `sovereign_core` (test "brick46_nervous_system") generated 2 warnings (run `cargo fix --test "brick46_nervous_system" -p 
sovereign_core` to apply 2 suggestions)
warning: `sovereign_core` (test "brick48_certification") generated 1 warning (run `cargo fix --test "brick48_certification" -p 
sovereign_core` to apply 1 suggestion)
    Finished `test` profile [unoptimized + debuginfo] target(s) in 48.15s
     Running unittests src\lib.rs (target\debug\deps\sovereign_core-7845e04a48b3312b.exe)

running 1 test
test hal::atomic_boot::tests::test_boot_sequence_executes ... ok

test result: ok. 1 passed; 0 failed; 0 ignored; 0 measured; 0 filtered out; finished in 0.00s

     Running unittests src\bin\harmonis.rs (target\debug\deps\harmonis-cdeb7ad3e8a88b57.exe)

running 0 tests

test result: ok. 0 passed; 0 failed; 0 ignored; 0 measured; 0 filtered out; finished in 0.00s

     Running tests\brick45_chaos_main.rs (target\debug\deps\brick45_chaos_main-dce8d5c7c7e65b19.exe)

running 1 test
test brick45_chaos_live_fire ... ok

test result: ok. 1 passed; 0 failed; 0 ignored; 0 measured; 0 filtered out; finished in 0.00s

     Running tests\brick46_nervous_system.rs (target\debug\deps\brick46_nervous_system-440a8356fc46e015.exe)

running 6 tests
test test_cognitive_anomaly_synthesis ... ok
test test_homeostasis_continuous_slo_scoring ... ok
test test_full_nervous_system_cascade ... ok
test test_fluid_flow_zero_friction_api ... ok
test test_sensorimotor_reflex_arcs_with_backpressure ... ok
test test_quantum_synapse_superpositional_cache ... FAILED

failures:

---- test_quantum_synapse_superpositional_cache stdout ----

thread 'test_quantum_synapse_superpositional_cache' (28624) panicked at src\brick46\quantum_synapse.rs:63:53:
attempt to multiply with overflow
note: run with `RUST_BACKTRACE=1` environment variable to display a backtrace


failures:
    test_quantum_synapse_superpositional_cache

test result: FAILED. 5 passed; 1 failed; 0 ignored; 0 measured; 0 filtered out; finished in 0.00s

error: test failed, to rerun pass `--test brick46_nervous_system`
